// Jest Snapshot v1, https://goo.gl/fbAQLP

exports[`correctly renders enzyme 1`] = `
<div
  className="App"
>
  <h1>
    Initial setup
  </h1>
</div>
`;
