// Jest Snapshot v1, https://goo.gl/fbAQLP

exports[`correctly compares to the snapshot 1`] = `
<Container
  centerContent={true}
  className="main-container"
>
  <Heading
    as="h2"
    size="2xl"
  >
    Translate
  </Heading>
</Container>
`;
